// Jest Snapshot v1, https://goo.gl/fbAQLP

exports[`Probando DeleteButton Boton confirmar 1`] = `
Array [
  <span
    aria-label="delete"
    className="anticon anticon-delete deleteButton ant-popover-open"
    onClick={[Function]}
    onKeyDown={[Function]}
    onMouseDown={[Function]}
    onTouchStart={[Function]}
    role="img"
    tabIndex={-1}
  >
    <svg
      aria-hidden="true"
      data-icon="delete"
      fill="currentColor"
      focusable="false"
      height="1em"
      key="svg-delete"
      viewBox="64 64 896 896"
      width="1em"
    >
      <path
        d="M360 184h-8c4.4 0 8-3.6 8-8v8h304v-8c0 4.4 3.6 8 8 8h-8v72h72v-80c0-35.3-28.7-64-64-64H352c-35.3 0-64 28.7-64 64v80h72v-72zm504 72H160c-17.7 0-32 14.3-32 32v32c0 4.4 3.6 8 8 8h60.4l24.7 523c1.6 34.1 29.8 61 63.9 61h454c34.2 0 62.3-26.8 63.9-61l24.7-523H888c4.4 0 8-3.6 8-8v-32c0-17.7-14.3-32-32-32zM731.3 840H292.7l-24.2-512h487l-24.2 512z"
        key="svg-delete-svg-0"
      />
    </svg>
  </span>,
  <Portal
    containerInfo={
      <div
        style="position: absolute; top: 0px; left: 0px; width: 100%;"
      >
        <div>
          <div
            class="ant-popover ant-popconfirm"
            style="opacity: 0; pointer-events: none;"
          >
            <div
              class="ant-popover-content"
            >
              <div
                class="ant-popover-arrow"
              >
                <span
                  class="ant-popover-arrow-content"
                />
              </div>
              <div
                class="ant-popover-inner"
                role="tooltip"
              >
                <div
                  class="ant-popover-inner-content"
                >
                  <div
                    class="ant-popover-message"
                  >
                    <span
                      aria-label="exclamation-circle"
                      class="anticon anticon-exclamation-circle"
                      role="img"
                    >
                      <svg
                        aria-hidden="true"
                        data-icon="exclamation-circle"
                        fill="currentColor"
                        focusable="false"
                        height="1em"
                        viewBox="64 64 896 896"
                        width="1em"
                      >
                        <path
                          d="M512 64C264.6 64 64 264.6 64 512s200.6 448 448 448 448-200.6 448-448S759.4 64 512 64zm-32 232c0-4.4 3.6-8 8-8h48c4.4 0 8 3.6 8 8v272c0 4.4-3.6 8-8 8h-48c-4.4 0-8-3.6-8-8V296zm32 440a48.01 48.01 0 010-96 48.01 48.01 0 010 96z"
                        />
                      </svg>
                    </span>
                    <div
                      class="ant-popover-message-title"
                    >
                      Esta acción es irreversible
                    </div>
                  </div>
                  <div
                    class="ant-popover-buttons"
                  >
                    <button
                      class="ant-btn ant-btn-sm"
                      type="button"
                    >
                      <span>
                        Cancel
                      </span>
                    </button>
                    <button
                      class="ant-btn ant-btn-primary ant-btn-sm"
                      type="button"
                    >
                      <span>
                        OK
                      </span>
                    </button>
                  </div>
                </div>
              </div>
            </div>
          </div>
        </div>
      </div>
    }
  >
    <div>
      <div
        className="ant-popover ant-popconfirm"
        onMouseDown={[Function]}
        onTouchStart={[Function]}
        style={
          Object {
            "opacity": 0,
            "pointerEvents": "none",
            "zIndex": undefined,
          }
        }
      >
        <div
          className="ant-popover-content"
        >
          <div
            className="ant-popover-arrow"
            key="arrow"
          >
            <span
              className="ant-popover-arrow-content"
            />
          </div>
          <div
            className="ant-popover-inner"
            role="tooltip"
          >
            <div
              className="ant-popover-inner-content"
            >
              <div
                className="ant-popover-message"
              >
                <span
                  aria-label="exclamation-circle"
                  className="anticon anticon-exclamation-circle"
                  role="img"
                >
                  <svg
                    aria-hidden="true"
                    data-icon="exclamation-circle"
                    fill="currentColor"
                    focusable="false"
                    height="1em"
                    key="svg-exclamation-circle"
                    viewBox="64 64 896 896"
                    width="1em"
                  >
                    <path
                      d="M512 64C264.6 64 64 264.6 64 512s200.6 448 448 448 448-200.6 448-448S759.4 64 512 64zm-32 232c0-4.4 3.6-8 8-8h48c4.4 0 8 3.6 8 8v272c0 4.4-3.6 8-8 8h-48c-4.4 0-8-3.6-8-8V296zm32 440a48.01 48.01 0 010-96 48.01 48.01 0 010 96z"
                      key="svg-exclamation-circle-svg-0"
                    />
                  </svg>
                </span>
                <div
                  className="ant-popover-message-title"
                >
                  Esta acción es irreversible
                </div>
              </div>
              <div
                className="ant-popover-buttons"
              >
                <button
                  className="ant-btn ant-btn-sm"
                  onClick={[Function]}
                  type="button"
                >
                  <span
                    key=".0"
                  >
                    Cancel
                  </span>
                </button>
                <button
                  className="ant-btn ant-btn-primary ant-btn-sm"
                  onClick={[Function]}
                  type="button"
                >
                  <span
                    key=".0"
                  >
                    OK
                  </span>
                </button>
              </div>
            </div>
          </div>
        </div>
      </div>
    </div>
  </Portal>,
]
`;

exports[`Probando DeleteButton No debe de existir el dato en la BD 1`] = `
Array [
  <span
    aria-label="delete"
    className="anticon anticon-delete deleteButton ant-popover-open"
    onClick={[Function]}
    onKeyDown={[Function]}
    onMouseDown={[Function]}
    onTouchStart={[Function]}
    role="img"
    tabIndex={-1}
  >
    <svg
      aria-hidden="true"
      data-icon="delete"
      fill="currentColor"
      focusable="false"
      height="1em"
      key="svg-delete"
      viewBox="64 64 896 896"
      width="1em"
    >
      <path
        d="M360 184h-8c4.4 0 8-3.6 8-8v8h304v-8c0 4.4 3.6 8 8 8h-8v72h72v-80c0-35.3-28.7-64-64-64H352c-35.3 0-64 28.7-64 64v80h72v-72zm504 72H160c-17.7 0-32 14.3-32 32v32c0 4.4 3.6 8 8 8h60.4l24.7 523c1.6 34.1 29.8 61 63.9 61h454c34.2 0 62.3-26.8 63.9-61l24.7-523H888c4.4 0 8-3.6 8-8v-32c0-17.7-14.3-32-32-32zM731.3 840H292.7l-24.2-512h487l-24.2 512z"
        key="svg-delete-svg-0"
      />
    </svg>
  </span>,
  <Portal
    containerInfo={
      <div
        style="position: absolute; top: 0px; left: 0px; width: 100%;"
      >
        <div>
          <div
            class="ant-popover ant-popconfirm"
            style="opacity: 0; pointer-events: none;"
          >
            <div
              class="ant-popover-content"
            >
              <div
                class="ant-popover-arrow"
              >
                <span
                  class="ant-popover-arrow-content"
                />
              </div>
              <div
                class="ant-popover-inner"
                role="tooltip"
              >
                <div
                  class="ant-popover-inner-content"
                >
                  <div
                    class="ant-popover-message"
                  >
                    <span
                      aria-label="exclamation-circle"
                      class="anticon anticon-exclamation-circle"
                      role="img"
                    >
                      <svg
                        aria-hidden="true"
                        data-icon="exclamation-circle"
                        fill="currentColor"
                        focusable="false"
                        height="1em"
                        viewBox="64 64 896 896"
                        width="1em"
                      >
                        <path
                          d="M512 64C264.6 64 64 264.6 64 512s200.6 448 448 448 448-200.6 448-448S759.4 64 512 64zm-32 232c0-4.4 3.6-8 8-8h48c4.4 0 8 3.6 8 8v272c0 4.4-3.6 8-8 8h-48c-4.4 0-8-3.6-8-8V296zm32 440a48.01 48.01 0 010-96 48.01 48.01 0 010 96z"
                        />
                      </svg>
                    </span>
                    <div
                      class="ant-popover-message-title"
                    >
                      Esta acción es irreversible
                    </div>
                  </div>
                  <div
                    class="ant-popover-buttons"
                  >
                    <button
                      class="ant-btn ant-btn-sm"
                      type="button"
                    >
                      <span>
                        Cancel
                      </span>
                    </button>
                    <button
                      class="ant-btn ant-btn-primary ant-btn-sm"
                      type="button"
                    >
                      <span>
                        OK
                      </span>
                    </button>
                  </div>
                </div>
              </div>
            </div>
          </div>
        </div>
      </div>
    }
  >
    <div>
      <div
        className="ant-popover ant-popconfirm"
        onMouseDown={[Function]}
        onTouchStart={[Function]}
        style={
          Object {
            "opacity": 0,
            "pointerEvents": "none",
            "zIndex": undefined,
          }
        }
      >
        <div
          className="ant-popover-content"
        >
          <div
            className="ant-popover-arrow"
            key="arrow"
          >
            <span
              className="ant-popover-arrow-content"
            />
          </div>
          <div
            className="ant-popover-inner"
            role="tooltip"
          >
            <div
              className="ant-popover-inner-content"
            >
              <div
                className="ant-popover-message"
              >
                <span
                  aria-label="exclamation-circle"
                  className="anticon anticon-exclamation-circle"
                  role="img"
                >
                  <svg
                    aria-hidden="true"
                    data-icon="exclamation-circle"
                    fill="currentColor"
                    focusable="false"
                    height="1em"
                    key="svg-exclamation-circle"
                    viewBox="64 64 896 896"
                    width="1em"
                  >
                    <path
                      d="M512 64C264.6 64 64 264.6 64 512s200.6 448 448 448 448-200.6 448-448S759.4 64 512 64zm-32 232c0-4.4 3.6-8 8-8h48c4.4 0 8 3.6 8 8v272c0 4.4-3.6 8-8 8h-48c-4.4 0-8-3.6-8-8V296zm32 440a48.01 48.01 0 010-96 48.01 48.01 0 010 96z"
                      key="svg-exclamation-circle-svg-0"
                    />
                  </svg>
                </span>
                <div
                  className="ant-popover-message-title"
                >
                  Esta acción es irreversible
                </div>
              </div>
              <div
                className="ant-popover-buttons"
              >
                <button
                  className="ant-btn ant-btn-sm"
                  onClick={[Function]}
                  type="button"
                >
                  <span
                    key=".0"
                  >
                    Cancel
                  </span>
                </button>
                <button
                  className="ant-btn ant-btn-primary ant-btn-sm"
                  onClick={[Function]}
                  type="button"
                >
                  <span
                    key=".0"
                  >
                    OK
                  </span>
                </button>
              </div>
            </div>
          </div>
        </div>
      </div>
    </div>
  </Portal>,
]
`;
